CRITICAL - 2026-05-30 06:38:36 --> Error: Class "Locale" not found
[Method: GET, Route: /]
in SYSTEMPATH\CodeIgniter.php on line 189.
 1 SYSTEMPATH\Boot.php(350): CodeIgniter\CodeIgniter->initialize()
 2 SYSTEMPATH\Boot.php(130): CodeIgniter\Boot::initializeCodeIgniter()
 3 ROOTPATH\spark(87): CodeIgniter\Boot::bootSpark(Object(Config\Paths))
CRITICAL - 2026-05-30 06:38:36 --> ErrorException: Uncaught Error: Class "Locale" not found in D:\Application\laragon\laragon\www\erfan_fatoni\pmi-stok-darah\system\I18n\TimeTrait.php:76
Stack trace:
#0 D:\Application\laragon\laragon\www\erfan_fatoni\pmi-stok-darah\system\I18n\TimeTrait.php(117): CodeIgniter\I18n\Time->__construct(NULL, NULL, NULL)
#1 D:\Application\laragon\laragon\www\erfan_fatoni\pmi-stok-darah\system\HTTP\ResponseTrait.php(398): CodeIgniter\I18n\Time::now()
#2 D:\Application\laragon\laragon\www\erfan_fatoni\pmi-stok-darah\system\HTTP\ResponseTrait.php(376): CodeIgniter\HTTP\Response->sendHeaders()
#3 D:\Application\laragon\laragon\www\erfan_fatoni\pmi-stok-darah\system\Debug\ExceptionHandler.php(85): CodeIgniter\HTTP\Response->send()
#4 D:\Application\laragon\laragon\www\erfan_fatoni\pmi-stok-darah\system\Debug\Exceptions.php(162): CodeIgniter\Debug\ExceptionHandler->handle(Object(Error), Object(CodeIgniter\HTTP\IncomingRequest), Object(CodeIgniter\HTTP\Response), 500, 1)
#5 [internal function]: CodeIgniter\Debug\Exceptions->exceptionHandler(Object(Error))
#6 {main}
  thrown
【Previous Exception】
Error
Class "Locale" not found
#0 D:\Application\laragon\laragon\www\erfan_fatoni\pmi-stok-darah\system\Boot.php(350): CodeIgniter\CodeIgniter->initialize()
#1 D:\Application\laragon\laragon\www\erfan_fatoni\pmi-stok-darah\system\Boot.php(130): CodeIgniter\Boot::initializeCodeIgniter()
#2 D:\Application\laragon\laragon\www\erfan_fatoni\pmi-stok-darah\spark(87): CodeIgniter\Boot::bootSpark(Object(Config\Paths))
#3 {main}
[Method: GET, Route: /]
in SYSTEMPATH\I18n\TimeTrait.php on line 76.
 1 [internal function]: CodeIgniter\Debug\Exceptions->shutdownHandler()
