ERROR - 2026-05-14 09:02:49 --> mysqli_sql_exception: Unknown column 'p.iduser' in 'on clause' in C:\xampp\htdocs\pmi-stok-darah\system\Database\MySQLi\Connection.php:327
Stack trace:
#0 C:\xampp\htdocs\pmi-stok-darah\system\Database\MySQLi\Connection.php(327): mysqli->query('SELECT `l`.`nam...', 0)
#1 C:\xampp\htdocs\pmi-stok-darah\system\Database\BaseConnection.php(729): CodeIgniter\Database\MySQLi\Connection->execute('SELECT `l`.`nam...')
#2 C:\xampp\htdocs\pmi-stok-darah\system\Database\BaseConnection.php(646): CodeIgniter\Database\BaseConnection->simpleQuery('SELECT `l`.`nam...')
#3 C:\xampp\htdocs\pmi-stok-darah\system\Database\BaseBuilder.php(1649): CodeIgniter\Database\BaseConnection->query('SELECT `l`.`nam...', Array, false)
#4 C:\xampp\htdocs\pmi-stok-darah\app\Models\DistribusiModel.php(75): CodeIgniter\Database\BaseBuilder->get()
#5 C:\xampp\htdocs\pmi-stok-darah\app\Controllers\Dashboard.php(50): App\Models\DistribusiModel->getStokPerBDRS()
#6 C:\xampp\htdocs\pmi-stok-darah\system\CodeIgniter.php(933): App\Controllers\Dashboard->index()
#7 C:\xampp\htdocs\pmi-stok-darah\system\CodeIgniter.php(507): CodeIgniter\CodeIgniter->runController(Object(App\Controllers\Dashboard))
#8 C:\xampp\htdocs\pmi-stok-darah\system\CodeIgniter.php(354): CodeIgniter\CodeIgniter->handleRequest(NULL, Object(Config\Cache), false)
#9 C:\xampp\htdocs\pmi-stok-darah\system\Boot.php(363): CodeIgniter\CodeIgniter->run()
#10 C:\xampp\htdocs\pmi-stok-darah\system\Boot.php(68): CodeIgniter\Boot::runCodeIgniter(Object(CodeIgniter\CodeIgniter))
#11 C:\xampp\htdocs\pmi-stok-darah\public\index.php(59): CodeIgniter\Boot::bootWeb(Object(Config\Paths))
#12 C:\xampp\htdocs\pmi-stok-darah\system\rewrite.php(44): require_once('C:\\xampp\\htdocs...')
#13 {main}
CRITICAL - 2026-05-14 09:02:49 --> CodeIgniter\Database\Exceptions\DatabaseException: Unknown column 'p.iduser' in 'on clause'
[Method: GET, Route: dashboard]
in SYSTEMPATH\Database\BaseConnection.php on line 684.
 1 SYSTEMPATH\Database\BaseBuilder.php(1649): CodeIgniter\Database\BaseConnection->query('SELECT `l`.`nama`, COUNT(s.idbag) as jumlah_stok
FROM `login` `l`
LEFT JOIN `produsen` `p` ON `l`.`iduser` = `p`.`iduser`
LEFT JOIN `stok` `s` ON `p`.`idprodusen` = `s`.`idprodusen` AND `s`.`status` = "tersedia"
WHERE `l`.`role` = :l.role:
GROUP BY `l`.`iduser`, `l`.`nama`
ORDER BY `l`.`nama`', [...], false)
 2 APPPATH\Models\DistribusiModel.php(75): CodeIgniter\Database\BaseBuilder->get()
 3 APPPATH\Controllers\Dashboard.php(50): App\Models\DistribusiModel->getStokPerBDRS()
 4 SYSTEMPATH\CodeIgniter.php(933): App\Controllers\Dashboard->index()
 5 SYSTEMPATH\CodeIgniter.php(507): CodeIgniter\CodeIgniter->runController(Object(App\Controllers\Dashboard))
 6 SYSTEMPATH\CodeIgniter.php(354): CodeIgniter\CodeIgniter->handleRequest(null, Object(Config\Cache), false)
 7 SYSTEMPATH\Boot.php(363): CodeIgniter\CodeIgniter->run()
 8 SYSTEMPATH\Boot.php(68): CodeIgniter\Boot::runCodeIgniter(Object(CodeIgniter\CodeIgniter))
 9 FCPATH\index.php(59): CodeIgniter\Boot::bootWeb(Object(Config\Paths))
10 SYSTEMPATH\rewrite.php(44): require_once('C:\\xampp\\htdocs\\pmi-stok-darah\\public\\index.php')
CRITICAL - 2026-05-14 09:02:49 --> [Caused by] CodeIgniter\Database\Exceptions\DatabaseException: Unknown column 'p.iduser' in 'on clause'
in SYSTEMPATH\Database\MySQLi\Connection.php on line 332.
 1 SYSTEMPATH\Database\BaseConnection.php(729): CodeIgniter\Database\MySQLi\Connection->execute('SELECT `l`.`nama`, COUNT(s.idbag) as jumlah_stok
FROM `login` `l`
LEFT JOIN `produsen` `p` ON `l`.`iduser` = `p`.`iduser`
LEFT JOIN `stok` `s` ON `p`.`idprodusen` = `s`.`idprodusen` AND `s`.`status` = "tersedia"
WHERE `l`.`role` = \'bdrs\'
GROUP BY `l`.`iduser`, `l`.`nama`
ORDER BY `l`.`nama`')
 2 SYSTEMPATH\Database\BaseConnection.php(646): CodeIgniter\Database\BaseConnection->simpleQuery('SELECT `l`.`nama`, COUNT(s.idbag) as jumlah_stok
FROM `login` `l`
LEFT JOIN `produsen` `p` ON `l`.`iduser` = `p`.`iduser`
LEFT JOIN `stok` `s` ON `p`.`idprodusen` = `s`.`idprodusen` AND `s`.`status` = "tersedia"
WHERE `l`.`role` = \'bdrs\'
GROUP BY `l`.`iduser`, `l`.`nama`
ORDER BY `l`.`nama`')
 3 SYSTEMPATH\Database\BaseBuilder.php(1649): CodeIgniter\Database\BaseConnection->query('SELECT `l`.`nama`, COUNT(s.idbag) as jumlah_stok
FROM `login` `l`
LEFT JOIN `produsen` `p` ON `l`.`iduser` = `p`.`iduser`
LEFT JOIN `stok` `s` ON `p`.`idprodusen` = `s`.`idprodusen` AND `s`.`status` = "tersedia"
WHERE `l`.`role` = :l.role:
GROUP BY `l`.`iduser`, `l`.`nama`
ORDER BY `l`.`nama`', [...], false)
 4 APPPATH\Models\DistribusiModel.php(75): CodeIgniter\Database\BaseBuilder->get()
 5 APPPATH\Controllers\Dashboard.php(50): App\Models\DistribusiModel->getStokPerBDRS()
 6 SYSTEMPATH\CodeIgniter.php(933): App\Controllers\Dashboard->index()
 7 SYSTEMPATH\CodeIgniter.php(507): CodeIgniter\CodeIgniter->runController(Object(App\Controllers\Dashboard))
 8 SYSTEMPATH\CodeIgniter.php(354): CodeIgniter\CodeIgniter->handleRequest(null, Object(Config\Cache), false)
 9 SYSTEMPATH\Boot.php(363): CodeIgniter\CodeIgniter->run()
10 SYSTEMPATH\Boot.php(68): CodeIgniter\Boot::runCodeIgniter(Object(CodeIgniter\CodeIgniter))
11 FCPATH\index.php(59): CodeIgniter\Boot::bootWeb(Object(Config\Paths))
12 SYSTEMPATH\rewrite.php(44): require_once('C:\\xampp\\htdocs\\pmi-stok-darah\\public\\index.php')
CRITICAL - 2026-05-14 09:02:49 --> [Caused by] mysqli_sql_exception: Unknown column 'p.iduser' in 'on clause'
in SYSTEMPATH\Database\MySQLi\Connection.php on line 327.
 1 SYSTEMPATH\Database\MySQLi\Connection.php(327): mysqli->query('SELECT `l`.`nama`, COUNT(s.idbag) as jumlah_stok
FROM `login` `l`
LEFT JOIN `produsen` `p` ON `l`.`iduser` = `p`.`iduser`
LEFT JOIN `stok` `s` ON `p`.`idprodusen` = `s`.`idprodusen` AND `s`.`status` = "tersedia"
WHERE `l`.`role` = \'bdrs\'
GROUP BY `l`.`iduser`, `l`.`nama`
ORDER BY `l`.`nama`', 0)
 2 SYSTEMPATH\Database\BaseConnection.php(729): CodeIgniter\Database\MySQLi\Connection->execute('SELECT `l`.`nama`, COUNT(s.idbag) as jumlah_stok
FROM `login` `l`
LEFT JOIN `produsen` `p` ON `l`.`iduser` = `p`.`iduser`
LEFT JOIN `stok` `s` ON `p`.`idprodusen` = `s`.`idprodusen` AND `s`.`status` = "tersedia"
WHERE `l`.`role` = \'bdrs\'
GROUP BY `l`.`iduser`, `l`.`nama`
ORDER BY `l`.`nama`')
 3 SYSTEMPATH\Database\BaseConnection.php(646): CodeIgniter\Database\BaseConnection->simpleQuery('SELECT `l`.`nama`, COUNT(s.idbag) as jumlah_stok
FROM `login` `l`
LEFT JOIN `produsen` `p` ON `l`.`iduser` = `p`.`iduser`
LEFT JOIN `stok` `s` ON `p`.`idprodusen` = `s`.`idprodusen` AND `s`.`status` = "tersedia"
WHERE `l`.`role` = \'bdrs\'
GROUP BY `l`.`iduser`, `l`.`nama`
ORDER BY `l`.`nama`')
 4 SYSTEMPATH\Database\BaseBuilder.php(1649): CodeIgniter\Database\BaseConnection->query('SELECT `l`.`nama`, COUNT(s.idbag) as jumlah_stok
FROM `login` `l`
LEFT JOIN `produsen` `p` ON `l`.`iduser` = `p`.`iduser`
LEFT JOIN `stok` `s` ON `p`.`idprodusen` = `s`.`idprodusen` AND `s`.`status` = "tersedia"
WHERE `l`.`role` = :l.role:
GROUP BY `l`.`iduser`, `l`.`nama`
ORDER BY `l`.`nama`', [...], false)
 5 APPPATH\Models\DistribusiModel.php(75): CodeIgniter\Database\BaseBuilder->get()
 6 APPPATH\Controllers\Dashboard.php(50): App\Models\DistribusiModel->getStokPerBDRS()
 7 SYSTEMPATH\CodeIgniter.php(933): App\Controllers\Dashboard->index()
 8 SYSTEMPATH\CodeIgniter.php(507): CodeIgniter\CodeIgniter->runController(Object(App\Controllers\Dashboard))
 9 SYSTEMPATH\CodeIgniter.php(354): CodeIgniter\CodeIgniter->handleRequest(null, Object(Config\Cache), false)
10 SYSTEMPATH\Boot.php(363): CodeIgniter\CodeIgniter->run()
11 SYSTEMPATH\Boot.php(68): CodeIgniter\Boot::runCodeIgniter(Object(CodeIgniter\CodeIgniter))
12 FCPATH\index.php(59): CodeIgniter\Boot::bootWeb(Object(Config\Paths))
13 SYSTEMPATH\rewrite.php(44): require_once('C:\\xampp\\htdocs\\pmi-stok-darah\\public\\index.php')
